dataset_vine/vine/training/video/1001032302756761600.mp4
dataset_vine/vine/training/video/1001088152326610944.mp4
dataset_vine/vine/training/video/1005958035061297152.mp4
